
> gripper-backend@1.0.0 start /home/sifu/Documents/gripper/backend
> nest start

[32m[Nest] 131201  - [39m01/23/2026, 2:14:41 AM [32m    LOG[39m [38;5;3m[NestFactory] [39m[32mStarting Nest application...[39m
[32m[Nest] 131201  - [39m01/23/2026, 2:14:41 AM [32m    LOG[39m [38;5;3m[InstanceLoader] [39m[32mTypeOrmModule dependencies initialized[39m[38;5;3m +42ms[39m
[32m[Nest] 131201  - [39m01/23/2026, 2:14:41 AM [32m    LOG[39m [38;5;3m[InstanceLoader] [39m[32mPassportModule dependencies initialized[39m[38;5;3m +1ms[39m
[32m[Nest] 131201  - [39m01/23/2026, 2:14:41 AM [32m    LOG[39m [38;5;3m[InstanceLoader] [39m[32mConfigHostModule dependencies initialized[39m[38;5;3m +1ms[39m
[32m[Nest] 131201  - [39m01/23/2026, 2:14:41 AM [32m    LOG[39m [38;5;3m[InstanceLoader] [39m[32mHttpModule dependencies initialized[39m[38;5;3m +1ms[39m
[33m[Nest] 131201  - [39m01/23/2026, 2:14:41 AM [33m   WARN[39m [38;5;3m[EmailService] [39m[33mEmail credentials not configured. Emails will be logged to console.[39m
[32m[Nest] 131201  - [39m01/23/2026, 2:14:41 AM [32m    LOG[39m [38;5;3m[InstanceLoader] [39m[32mConfigModule dependencies initialized[39m[38;5;3m +0ms[39m
[32m[Nest] 131201  - [39m01/23/2026, 2:14:41 AM [32m    LOG[39m [38;5;3m[InstanceLoader] [39m[32mConfigModule dependencies initialized[39m[38;5;3m +0ms[39m
[32m[Nest] 131201  - [39m01/23/2026, 2:14:41 AM [32m    LOG[39m [38;5;3m[InstanceLoader] [39m[32mAppModule dependencies initialized[39m[38;5;3m +1ms[39m
[32m[Nest] 131201  - [39m01/23/2026, 2:14:41 AM [32m    LOG[39m [38;5;3m[InstanceLoader] [39m[32mEmailModule dependencies initialized[39m[38;5;3m +58ms[39m
[32m[Nest] 131201  - [39m01/23/2026, 2:14:41 AM [32m    LOG[39m [38;5;3m[InstanceLoader] [39m[32mJwtModule dependencies initialized[39m[38;5;3m +1ms[39m
[32m[Nest] 131201  - [39m01/23/2026, 2:14:41 AM [32m    LOG[39m [38;5;3m[InstanceLoader] [39m[32mStorageModule dependencies initialized[39m[38;5;3m +2ms[39m
[32m[Nest] 131201  - [39m01/23/2026, 2:14:42 AM [32m    LOG[39m [38;5;3m[InstanceLoader] [39m[32mTypeOrmCoreModule dependencies initialized[39m[38;5;3m +441ms[39m
[32m[Nest] 131201  - [39m01/23/2026, 2:14:42 AM [32m    LOG[39m [38;5;3m[InstanceLoader] [39m[32mTypeOrmModule dependencies initialized[39m[38;5;3m +0ms[39m
[32m[Nest] 131201  - [39m01/23/2026, 2:14:42 AM [32m    LOG[39m [38;5;3m[InstanceLoader] [39m[32mTypeOrmModule dependencies initialized[39m[38;5;3m +0ms[39m
[32m[Nest] 131201  - [39m01/23/2026, 2:14:42 AM [32m    LOG[39m [38;5;3m[InstanceLoader] [39m[32mTypeOrmModule dependencies initialized[39m[38;5;3m +0ms[39m
[32m[Nest] 131201  - [39m01/23/2026, 2:14:42 AM [32m    LOG[39m [38;5;3m[InstanceLoader] [39m[32mTypeOrmModule dependencies initialized[39m[38;5;3m +0ms[39m
[32m[Nest] 131201  - [39m01/23/2026, 2:14:42 AM [32m    LOG[39m [38;5;3m[InstanceLoader] [39m[32mTypeOrmModule dependencies initialized[39m[38;5;3m +0ms[39m
[32m[Nest] 131201  - [39m01/23/2026, 2:14:42 AM [32m    LOG[39m [38;5;3m[InstanceLoader] [39m[32mTypeOrmModule dependencies initialized[39m[38;5;3m +0ms[39m
[32m[Nest] 131201  - [39m01/23/2026, 2:14:42 AM [32m    LOG[39m [38;5;3m[InstanceLoader] [39m[32mTypeOrmModule dependencies initialized[39m[38;5;3m +0ms[39m
[32m[Nest] 131201  - [39m01/23/2026, 2:14:42 AM [32m    LOG[39m [38;5;3m[InstanceLoader] [39m[32mTypeOrmModule dependencies initialized[39m[38;5;3m +1ms[39m
[32m[Nest] 131201  - [39m01/23/2026, 2:14:42 AM [32m    LOG[39m [38;5;3m[InstanceLoader] [39m[32mTypeOrmModule dependencies initialized[39m[38;5;3m +0ms[39m
[32m[Nest] 131201  - [39m01/23/2026, 2:14:42 AM [32m    LOG[39m [38;5;3m[InstanceLoader] [39m[32mTypeOrmModule dependencies initialized[39m[38;5;3m +0ms[39m
[32m[Nest] 131201  - [39m01/23/2026, 2:14:42 AM [32m    LOG[39m [38;5;3m[InstanceLoader] [39m[32mTypeOrmModule dependencies initialized[39m[38;5;3m +0ms[39m
[32m[Nest] 131201  - [39m01/23/2026, 2:14:42 AM [32m    LOG[39m [38;5;3m[InstanceLoader] [39m[32mTypeOrmModule dependencies initialized[39m[38;5;3m +0ms[39m
[32m[Nest] 131201  - [39m01/23/2026, 2:14:42 AM [32m    LOG[39m [38;5;3m[InstanceLoader] [39m[32mTypeOrmModule dependencies initialized[39m[38;5;3m +0ms[39m
[32m[Nest] 131201  - [39m01/23/2026, 2:14:42 AM [32m    LOG[39m [38;5;3m[InstanceLoader] [39m[32mTypeOrmModule dependencies initialized[39m[38;5;3m +0ms[39m
[32m[Nest] 131201  - [39m01/23/2026, 2:14:42 AM [32m    LOG[39m [38;5;3m[InstanceLoader] [39m[32mTypeOrmModule dependencies initialized[39m[38;5;3m +0ms[39m
[32m[Nest] 131201  - [39m01/23/2026, 2:14:42 AM [32m    LOG[39m [38;5;3m[InstanceLoader] [39m[32mSocialModule dependencies initialized[39m[38;5;3m +6ms[39m
[32m[Nest] 131201  - [39m01/23/2026, 2:14:42 AM [32m    LOG[39m [38;5;3m[InstanceLoader] [39m[32mMessagingModule dependencies initialized[39m[38;5;3m +0ms[39m
[32m[Nest] 131201  - [39m01/23/2026, 2:14:42 AM [32m    LOG[39m [38;5;3m[InstanceLoader] [39m[32mSubscriptionModule dependencies initialized[39m[38;5;3m +0ms[39m
[32m[Nest] 131201  - [39m01/23/2026, 2:14:42 AM [32m    LOG[39m [38;5;3m[InstanceLoader] [39m[32mAdvertisementModule dependencies initialized[39m[38;5;3m +0ms[39m
[32m[Nest] 131201  - [39m01/23/2026, 2:14:42 AM [32m    LOG[39m [38;5;3m[InstanceLoader] [39m[32mReportingModule dependencies initialized[39m[38;5;3m +0ms[39m
[32m[Nest] 131201  - [39m01/23/2026, 2:14:42 AM [32m    LOG[39m [38;5;3m[InstanceLoader] [39m[32mNotificationModule dependencies initialized[39m[38;5;3m +0ms[39m
[32m[Nest] 131201  - [39m01/23/2026, 2:14:42 AM [32m    LOG[39m [38;5;3m[InstanceLoader] [39m[32mContractsModule dependencies initialized[39m[38;5;3m +0ms[39m
[32m[Nest] 131201  - [39m01/23/2026, 2:14:42 AM [32m    LOG[39m [38;5;3m[InstanceLoader] [39m[32mReviewsModule dependencies initialized[39m[38;5;3m +1ms[39m
[32m[Nest] 131201  - [39m01/23/2026, 2:14:42 AM [32m    LOG[39m [38;5;3m[InstanceLoader] [39m[32mGigsModule dependencies initialized[39m[38;5;3m +0ms[39m
[32m[Nest] 131201  - [39m01/23/2026, 2:14:42 AM [32m    LOG[39m [38;5;3m[InstanceLoader] [39m[32mUserManagementModule dependencies initialized[39m[38;5;3m +0ms[39m
[32m[Nest] 131201  - [39m01/23/2026, 2:14:42 AM [32m    LOG[39m [38;5;3m[InstanceLoader] [39m[32mBookingModule dependencies initialized[39m[38;5;3m +0ms[39m
[32m[Nest] 131201  - [39m01/23/2026, 2:14:42 AM [32m    LOG[39m [38;5;3m[InstanceLoader] [39m[32mIdentityModule dependencies initialized[39m[38;5;3m +0ms[39m
[32m[Nest] 131201  - [39m01/23/2026, 2:14:42 AM [32m    LOG[39m [38;5;3m[InstanceLoader] [39m[32mServiceCatalogModule dependencies initialized[39m[38;5;3m +0ms[39m
[32m[Nest] 131201  - [39m01/23/2026, 2:14:42 AM [32m    LOG[39m [38;5;3m[InstanceLoader] [39m[32mAdminModule dependencies initialized[39m[38;5;3m +0ms[39m
[32m[Nest] 131201  - [39m01/23/2026, 2:14:42 AM [32m    LOG[39m [38;5;3m[InstanceLoader] [39m[32mPaymentModule dependencies initialized[39m[38;5;3m +0ms[39m
[31m[Nest] 131201  - [39m01/23/2026, 2:14:42 AM [31m  ERROR[39m [31mDuplicate DTO detected: "CreateReviewDto" is defined multiple times with different schemas.
Consider using unique class names or applying @ApiExtraModels() decorator with custom schema names.
Note: This will throw an error in the next major version.[39m
[31m[Nest] 131201  - [39m01/23/2026, 2:14:42 AM [31m  ERROR[39m [31mDuplicate DTO detected: "UpdateReviewDto" is defined multiple times with different schemas.
Consider using unique class names or applying @ApiExtraModels() decorator with custom schema names.
Note: This will throw an error in the next major version.[39m
📄 Swagger JSON written to: /home/sifu/Documents/gripper/backend/swagger.json
[32m[Nest] 131201  - [39m01/23/2026, 2:14:42 AM [32m    LOG[39m [38;5;3m[RoutesResolver] [39m[32mHealthController {/api/health}:[39m[38;5;3m +70ms[39m
[32m[Nest] 131201  - [39m01/23/2026, 2:14:42 AM [32m    LOG[39m [38;5;3m[RouterExplorer] [39m[32mMapped {/api/health, GET} route[39m[38;5;3m +5ms[39m
[32m[Nest] 131201  - [39m01/23/2026, 2:14:42 AM [32m    LOG[39m [38;5;3m[RoutesResolver] [39m[32mAuthController {/api/auth}:[39m[38;5;3m +0ms[39m
[32m[Nest] 131201  - [39m01/23/2026, 2:14:42 AM [32m    LOG[39m [38;5;3m[RouterExplorer] [39m[32mMapped {/api/auth/register, POST} route[39m[38;5;3m +2ms[39m
[32m[Nest] 131201  - [39m01/23/2026, 2:14:42 AM [32m    LOG[39m [38;5;3m[RouterExplorer] [39m[32mMapped {/api/auth/login, POST} route[39m[38;5;3m +1ms[39m
[32m[Nest] 131201  - [39m01/23/2026, 2:14:42 AM [32m    LOG[39m [38;5;3m[RouterExplorer] [39m[32mMapped {/api/auth/verify-email, POST} route[39m[38;5;3m +1ms[39m
[32m[Nest] 131201  - [39m01/23/2026, 2:14:42 AM [32m    LOG[39m [38;5;3m[RouterExplorer] [39m[32mMapped {/api/auth/refresh, POST} route[39m[38;5;3m +1ms[39m
[32m[Nest] 131201  - [39m01/23/2026, 2:14:42 AM [32m    LOG[39m [38;5;3m[RouterExplorer] [39m[32mMapped {/api/auth/forgot-password, POST} route[39m[38;5;3m +0ms[39m
[32m[Nest] 131201  - [39m01/23/2026, 2:14:42 AM [32m    LOG[39m [38;5;3m[RouterExplorer] [39m[32mMapped {/api/auth/reset-password, POST} route[39m[38;5;3m +1ms[39m
[32m[Nest] 131201  - [39m01/23/2026, 2:14:42 AM [32m    LOG[39m [38;5;3m[RouterExplorer] [39m[32mMapped {/api/auth/logout, POST} route[39m[38;5;3m +1ms[39m
[32m[Nest] 131201  - [39m01/23/2026, 2:14:42 AM [32m    LOG[39m [38;5;3m[RouterExplorer] [39m[32mMapped {/api/auth/me, POST} route[39m[38;5;3m +1ms[39m
[32m[Nest] 131201  - [39m01/23/2026, 2:14:42 AM [32m    LOG[39m [38;5;3m[RoutesResolver] [39m[32mProfileController {/api/profiles}:[39m[38;5;3m +0ms[39m
[32m[Nest] 131201  - [39m01/23/2026, 2:14:42 AM [32m    LOG[39m [38;5;3m[RouterExplorer] [39m[32mMapped {/api/profiles/me, GET} route[39m[38;5;3m +1ms[39m
[32m[Nest] 131201  - [39m01/23/2026, 2:14:42 AM [32m    LOG[39m [38;5;3m[RouterExplorer] [39m[32mMapped {/api/profiles/me, PUT} route[39m[38;5;3m +1ms[39m
[32m[Nest] 131201  - [39m01/23/2026, 2:14:42 AM [32m    LOG[39m [38;5;3m[RouterExplorer] [39m[32mMapped {/api/profiles/:userId, GET} route[39m[38;5;3m +1ms[39m
[32m[Nest] 131201  - [39m01/23/2026, 2:14:42 AM [32m    LOG[39m [38;5;3m[RouterExplorer] [39m[32mMapped {/api/profiles/setup-payout, POST} route[39m[38;5;3m +0ms[39m
[32m[Nest] 131201  - [39m01/23/2026, 2:14:42 AM [32m    LOG[39m [38;5;3m[RouterExplorer] [39m[32mMapped {/api/profiles/verify, GET} route[39m[38;5;3m +1ms[39m
[32m[Nest] 131201  - [39m01/23/2026, 2:14:42 AM [32m    LOG[39m [38;5;3m[RouterExplorer] [39m[32mMapped {/api/profiles/broadcast, POST} route[39m[38;5;3m +1ms[39m
[32m[Nest] 131201  - [39m01/23/2026, 2:14:42 AM [32m    LOG[39m [38;5;3m[RoutesResolver] [39m[32mProviderProfileController {/api/provider-profiles}:[39m[38;5;3m +0ms[39m
[32m[Nest] 131201  - [39m01/23/2026, 2:14:42 AM [32m    LOG[39m [38;5;3m[RouterExplorer] [39m[32mMapped {/api/provider-profiles/me, GET} route[39m[38;5;3m +1ms[39m
[32m[Nest] 131201  - [39m01/23/2026, 2:14:42 AM [32m    LOG[39m [38;5;3m[RouterExplorer] [39m[32mMapped {/api/provider-profiles/me, PUT} route[39m[38;5;3m +0ms[39m
[32m[Nest] 131201  - [39m01/23/2026, 2:14:42 AM [32m    LOG[39m [38;5;3m[RouterExplorer] [39m[32mMapped {/api/provider-profiles/me/portfolio, POST} route[39m[38;5;3m +1ms[39m
[32m[Nest] 131201  - [39m01/23/2026, 2:14:42 AM [32m    LOG[39m [38;5;3m[RouterExplorer] [39m[32mMapped {/api/provider-profiles/me/portfolio/:index, DELETE} route[39m[38;5;3m +1ms[39m
[32m[Nest] 131201  - [39m01/23/2026, 2:14:42 AM [32m    LOG[39m [38;5;3m[RouterExplorer] [39m[32mMapped {/api/provider-profiles/me/certifications, POST} route[39m[38;5;3m +0ms[39m
[32m[Nest] 131201  - [39m01/23/2026, 2:14:42 AM [32m    LOG[39m [38;5;3m[RouterExplorer] [39m[32mMapped {/api/provider-profiles/me/availability, PUT} route[39m[38;5;3m +1ms[39m
[32m[Nest] 131201  - [39m01/23/2026, 2:14:42 AM [32m    LOG[39m [38;5;3m[RouterExplorer] [39m[32mMapped {/api/provider-profiles/search, GET} route[39m[38;5;3m +1ms[39m
[32m[Nest] 131201  - [39m01/23/2026, 2:14:42 AM [32m    LOG[39m [38;5;3m[RouterExplorer] [39m[32mMapped {/api/provider-profiles/:userId, GET} route[39m[38;5;3m +0ms[39m
[32m[Nest] 131201  - [39m01/23/2026, 2:14:42 AM [32m    LOG[39m [38;5;3m[RoutesResolver] [39m[32mPayoutMethodController {/api/payout-methods}:[39m[38;5;3m +0ms[39m
[32m[Nest] 131201  - [39m01/23/2026, 2:14:42 AM [32m    LOG[39m [38;5;3m[RouterExplorer] [39m[32mMapped {/api/payout-methods, GET} route[39m[38;5;3m +2ms[39m
[32m[Nest] 131201  - [39m01/23/2026, 2:14:42 AM [32m    LOG[39m [38;5;3m[RouterExplorer] [39m[32mMapped {/api/payout-methods/default, GET} route[39m[38;5;3m +0ms[39m
[32m[Nest] 131201  - [39m01/23/2026, 2:14:42 AM [32m    LOG[39m [38;5;3m[RouterExplorer] [39m[32mMapped {/api/payout-methods/:id, GET} route[39m[38;5;3m +1ms[39m
[32m[Nest] 131201  - [39m01/23/2026, 2:14:42 AM [32m    LOG[39m [38;5;3m[RouterExplorer] [39m[32mMapped {/api/payout-methods, POST} route[39m[38;5;3m +1ms[39m
[32m[Nest] 131201  - [39m01/23/2026, 2:14:42 AM [32m    LOG[39m [38;5;3m[RouterExplorer] [39m[32mMapped {/api/payout-methods/:id, PUT} route[39m[38;5;3m +0ms[39m
[32m[Nest] 131201  - [39m01/23/2026, 2:14:42 AM [32m    LOG[39m [38;5;3m[RouterExplorer] [39m[32mMapped {/api/payout-methods/:id, DELETE} route[39m[38;5;3m +1ms[39m
[32m[Nest] 131201  - [39m01/23/2026, 2:14:42 AM [32m    LOG[39m [38;5;3m[RouterExplorer] [39m[32mMapped {/api/payout-methods/:id/set-default, POST} route[39m[38;5;3m +2ms[39m
[32m[Nest] 131201  - [39m01/23/2026, 2:14:42 AM [32m    LOG[39m [38;5;3m[RoutesResolver] [39m[32mPreferencesController {/api/preferences}:[39m[38;5;3m +0ms[39m
[32m[Nest] 131201  - [39m01/23/2026, 2:14:42 AM [32m    LOG[39m [38;5;3m[RouterExplorer] [39m[32mMapped {/api/preferences, GET} route[39m[38;5;3m +1ms[39m
[32m[Nest] 131201  - [39m01/23/2026, 2:14:42 AM [32m    LOG[39m [38;5;3m[RouterExplorer] [39m[32mMapped {/api/preferences, PUT} route[39m[38;5;3m +0ms[39m
[32m[Nest] 131201  - [39m01/23/2026, 2:14:42 AM [32m    LOG[39m [38;5;3m[RouterExplorer] [39m[32mMapped {/api/preferences/notifications, PUT} route[39m[38;5;3m +1ms[39m
[32m[Nest] 131201  - [39m01/23/2026, 2:14:42 AM [32m    LOG[39m [38;5;3m[RouterExplorer] [39m[32mMapped {/api/preferences/privacy, PUT} route[39m[38;5;3m +0ms[39m
[32m[Nest] 131201  - [39m01/23/2026, 2:14:42 AM [32m    LOG[39m [38;5;3m[RoutesResolver] [39m[32mFollowController {/api/follows}:[39m[38;5;3m +0ms[39m
[32m[Nest] 131201  - [39m01/23/2026, 2:14:42 AM [32m    LOG[39m [38;5;3m[RouterExplorer] [39m[32mMapped {/api/follows/:userId, POST} route[39m[38;5;3m +1ms[39m
[32m[Nest] 131201  - [39m01/23/2026, 2:14:42 AM [32m    LOG[39m [38;5;3m[RouterExplorer] [39m[32mMapped {/api/follows/:userId, DELETE} route[39m[38;5;3m +0ms[39m
[32m[Nest] 131201  - [39m01/23/2026, 2:14:42 AM [32m    LOG[39m [38;5;3m[RouterExplorer] [39m[32mMapped {/api/follows/:userId/status, GET} route[39m[38;5;3m +1ms[39m
[32m[Nest] 131201  - [39m01/23/2026, 2:14:42 AM [32m    LOG[39m [38;5;3m[RouterExplorer] [39m[32mMapped {/api/follows/followers, GET} route[39m[38;5;3m +1ms[39m
[32m[Nest] 131201  - [39m01/23/2026, 2:14:42 AM [32m    LOG[39m [38;5;3m[RouterExplorer] [39m[32mMapped {/api/follows/following, GET} route[39m[38;5;3m +1ms[39m
[32m[Nest] 131201  - [39m01/23/2026, 2:14:42 AM [32m    LOG[39m [38;5;3m[RouterExplorer] [39m[32mMapped {/api/follows/:userId/followers, GET} route[39m[38;5;3m +0ms[39m
[32m[Nest] 131201  - [39m01/23/2026, 2:14:42 AM [32m    LOG[39m [38;5;3m[RouterExplorer] [39m[32mMapped {/api/follows/:userId/following, GET} route[39m[38;5;3m +1ms[39m
[32m[Nest] 131201  - [39m01/23/2026, 2:14:42 AM [32m    LOG[39m [38;5;3m[RoutesResolver] [39m[32mAdminUserController {/api/admin/users}:[39m[38;5;3m +0ms[39m
[32m[Nest] 131201  - [39m01/23/2026, 2:14:42 AM [32m    LOG[39m [38;5;3m[RouterExplorer] [39m[32mMapped {/api/admin/users, GET} route[39m[38;5;3m +1ms[39m
[32m[Nest] 131201  - [39m01/23/2026, 2:14:42 AM [32m    LOG[39m [38;5;3m[RouterExplorer] [39m[32mMapped {/api/admin/users/:userId, GET} route[39m[38;5;3m +1ms[39m
[32m[Nest] 131201  - [39m01/23/2026, 2:14:42 AM [32m    LOG[39m [38;5;3m[RouterExplorer] [39m[32mMapped {/api/admin/users/:userId, PUT} route[39m[38;5;3m +0ms[39m
[32m[Nest] 131201  - [39m01/23/2026, 2:14:42 AM [32m    LOG[39m [38;5;3m[RouterExplorer] [39m[32mMapped {/api/admin/users/:userId/profile, PUT} route[39m[38;5;3m +1ms[39m
[32m[Nest] 131201  - [39m01/23/2026, 2:14:42 AM [32m    LOG[39m [38;5;3m[RouterExplorer] [39m[32mMapped {/api/admin/users/:userId/suspend, POST} route[39m[38;5;3m +0ms[39m
[32m[Nest] 131201  - [39m01/23/2026, 2:14:42 AM [32m    LOG[39m [38;5;3m[RouterExplorer] [39m[32mMapped {/api/admin/users/:userId/ban, POST} route[39m[38;5;3m +1ms[39m
[32m[Nest] 131201  - [39m01/23/2026, 2:14:42 AM [32m    LOG[39m [38;5;3m[RouterExplorer] [39m[32mMapped {/api/admin/users/:userId/activate, POST} route[39m[38;5;3m +1ms[39m
[32m[Nest] 131201  - [39m01/23/2026, 2:14:42 AM [32m    LOG[39m [38;5;3m[RouterExplorer] [39m[32mMapped {/api/admin/users/:userId/verify, POST} route[39m[38;5;3m +0ms[39m
[32m[Nest] 131201  - [39m01/23/2026, 2:14:42 AM [32m    LOG[39m [38;5;3m[RouterExplorer] [39m[32mMapped {/api/admin/users/:userId/reject-verification, POST} route[39m[38;5;3m +1ms[39m
[32m[Nest] 131201  - [39m01/23/2026, 2:14:42 AM [32m    LOG[39m [38;5;3m[RouterExplorer] [39m[32mMapped {/api/admin/users/:userId/strikes/add, POST} route[39m[38;5;3m +0ms[39m
[32m[Nest] 131201  - [39m01/23/2026, 2:14:42 AM [32m    LOG[39m [38;5;3m[RouterExplorer] [39m[32mMapped {/api/admin/users/:userId/strikes/remove, POST} route[39m[38;5;3m +1ms[39m
[32m[Nest] 131201  - [39m01/23/2026, 2:14:42 AM [32m    LOG[39m [38;5;3m[RouterExplorer] [39m[32mMapped {/api/admin/users/:userId/strikes/reset, POST} route[39m[38;5;3m +1ms[39m
[32m[Nest] 131201  - [39m01/23/2026, 2:14:42 AM [32m    LOG[39m [38;5;3m[RouterExplorer] [39m[32mMapped {/api/admin/users/:userId/toggle-featured, POST} route[39m[38;5;3m +0ms[39m
[32m[Nest] 131201  - [39m01/23/2026, 2:14:42 AM [32m    LOG[39m [38;5;3m[RoutesResolver] [39m[32mPaymentController {/api/payments}:[39m[38;5;3m +0ms[39m
[32m[Nest] 131201  - [39m01/23/2026, 2:14:42 AM [32m    LOG[39m [38;5;3m[RouterExplorer] [39m[32mMapped {/api/payments/initialize, POST} route[39m[38;5;3m +1ms[39m
[32m[Nest] 131201  - [39m01/23/2026, 2:14:42 AM [32m    LOG[39m [38;5;3m[RouterExplorer] [39m[32mMapped {/api/payments/verify, POST} route[39m[38;5;3m +1ms[39m
[32m[Nest] 131201  - [39m01/23/2026, 2:14:42 AM [32m    LOG[39m [38;5;3m[RouterExplorer] [39m[32mMapped {/api/payments/webhook/paystack, POST} route[39m[38;5;3m +0ms[39m
[32m[Nest] 131201  - [39m01/23/2026, 2:14:42 AM [32m    LOG[39m [38;5;3m[RouterExplorer] [39m[32mMapped {/api/payments/transactions, GET} route[39m[38;5;3m +1ms[39m
[32m[Nest] 131201  - [39m01/23/2026, 2:14:42 AM [32m    LOG[39m [38;5;3m[RouterExplorer] [39m[32mMapped {/api/payments/transactions/:reference, GET} route[39m[38;5;3m +1ms[39m
[32m[Nest] 131201  - [39m01/23/2026, 2:14:42 AM [32m    LOG[39m [38;5;3m[RoutesResolver] [39m[32mPayoutController {/api/payouts}:[39m[38;5;3m +0ms[39m
[32m[Nest] 131201  - [39m01/23/2026, 2:14:42 AM [32m    LOG[39m [38;5;3m[RouterExplorer] [39m[32mMapped {/api/payouts/banks, GET} route[39m[38;5;3m +1ms[39m
[32m[Nest] 131201  - [39m01/23/2026, 2:14:42 AM [32m    LOG[39m [38;5;3m[RouterExplorer] [39m[32mMapped {/api/payouts/verify-account, POST} route[39m[38;5;3m +1ms[39m
[32m[Nest] 131201  - [39m01/23/2026, 2:14:42 AM [32m    LOG[39m [38;5;3m[RouterExplorer] [39m[32mMapped {/api/payouts/balance, GET} route[39m[38;5;3m +1ms[39m
[32m[Nest] 131201  - [39m01/23/2026, 2:14:42 AM [32m    LOG[39m [38;5;3m[RouterExplorer] [39m[32mMapped {/api/payouts, GET} route[39m[38;5;3m +1ms[39m
[32m[Nest] 131201  - [39m01/23/2026, 2:14:42 AM [32m    LOG[39m [38;5;3m[RouterExplorer] [39m[32mMapped {/api/payouts/:id, GET} route[39m[38;5;3m +0ms[39m
[32m[Nest] 131201  - [39m01/23/2026, 2:14:42 AM [32m    LOG[39m [38;5;3m[RouterExplorer] [39m[32mMapped {/api/payouts, POST} route[39m[38;5;3m +1ms[39m
[32m[Nest] 131201  - [39m01/23/2026, 2:14:42 AM [32m    LOG[39m [38;5;3m[RouterExplorer] [39m[32mMapped {/api/payouts/:id/process, POST} route[39m[38;5;3m +0ms[39m
[32m[Nest] 131201  - [39m01/23/2026, 2:14:42 AM [32m    LOG[39m [38;5;3m[RouterExplorer] [39m[32mMapped {/api/payouts/:id, DELETE} route[39m[38;5;3m +1ms[39m
[32m[Nest] 131201  - [39m01/23/2026, 2:14:42 AM [32m    LOG[39m [38;5;3m[RoutesResolver] [39m[32mBookingController {/api/bookings}:[39m[38;5;3m +0ms[39m
[32m[Nest] 131201  - [39m01/23/2026, 2:14:42 AM [32m    LOG[39m [38;5;3m[RouterExplorer] [39m[32mMapped {/api/bookings/my-bookings, GET} route[39m[38;5;3m +1ms[39m
[32m[Nest] 131201  - [39m01/23/2026, 2:14:42 AM [32m    LOG[39m [38;5;3m[RouterExplorer] [39m[32mMapped {/api/bookings/provider-bookings, GET} route[39m[38;5;3m +1ms[39m
[32m[Nest] 131201  - [39m01/23/2026, 2:14:42 AM [32m    LOG[39m [38;5;3m[RouterExplorer] [39m[32mMapped {/api/bookings/:id, GET} route[39m[38;5;3m +1ms[39m
[32m[Nest] 131201  - [39m01/23/2026, 2:14:42 AM [32m    LOG[39m [38;5;3m[RouterExplorer] [39m[32mMapped {/api/bookings, POST} route[39m[38;5;3m +0ms[39m
[32m[Nest] 131201  - [39m01/23/2026, 2:14:42 AM [32m    LOG[39m [38;5;3m[RouterExplorer] [39m[32mMapped {/api/bookings/:id, PUT} route[39m[38;5;3m +1ms[39m
[32m[Nest] 131201  - [39m01/23/2026, 2:14:42 AM [32m    LOG[39m [38;5;3m[RouterExplorer] [39m[32mMapped {/api/bookings/:id/confirm, POST} route[39m[38;5;3m +1ms[39m
[32m[Nest] 131201  - [39m01/23/2026, 2:14:42 AM [32m    LOG[39m [38;5;3m[RouterExplorer] [39m[32mMapped {/api/bookings/:id/start, POST} route[39m[38;5;3m +0ms[39m
[32m[Nest] 131201  - [39m01/23/2026, 2:14:42 AM [32m    LOG[39m [38;5;3m[RouterExplorer] [39m[32mMapped {/api/bookings/:id/complete, POST} route[39m[38;5;3m +1ms[39m
[32m[Nest] 131201  - [39m01/23/2026, 2:14:42 AM [32m    LOG[39m [38;5;3m[RouterExplorer] [39m[32mMapped {/api/bookings/:id/cancel, POST} route[39m[38;5;3m +0ms[39m
[32m[Nest] 131201  - [39m01/23/2026, 2:14:42 AM [32m    LOG[39m [38;5;3m[RoutesResolver] [39m[32mOrderController {/api/orders}:[39m[38;5;3m +1ms[39m
[32m[Nest] 131201  - [39m01/23/2026, 2:14:42 AM [32m    LOG[39m [38;5;3m[RouterExplorer] [39m[32mMapped {/api/orders/my-orders, GET} route[39m[38;5;3m +0ms[39m
[32m[Nest] 131201  - [39m01/23/2026, 2:14:42 AM [32m    LOG[39m [38;5;3m[RouterExplorer] [39m[32mMapped {/api/orders/provider-orders, GET} route[39m[38;5;3m +2ms[39m
[32m[Nest] 131201  - [39m01/23/2026, 2:14:42 AM [32m    LOG[39m [38;5;3m[RouterExplorer] [39m[32mMapped {/api/orders/:id, GET} route[39m[38;5;3m +0ms[39m
[32m[Nest] 131201  - [39m01/23/2026, 2:14:42 AM [32m    LOG[39m [38;5;3m[RouterExplorer] [39m[32mMapped {/api/orders, POST} route[39m[38;5;3m +1ms[39m
[32m[Nest] 131201  - [39m01/23/2026, 2:14:42 AM [32m    LOG[39m [38;5;3m[RouterExplorer] [39m[32mMapped {/api/orders/:id, PUT} route[39m[38;5;3m +1ms[39m
[32m[Nest] 131201  - [39m01/23/2026, 2:14:42 AM [32m    LOG[39m [38;5;3m[RouterExplorer] [39m[32mMapped {/api/orders/:id/start-work, POST} route[39m[38;5;3m +0ms[39m
[32m[Nest] 131201  - [39m01/23/2026, 2:14:42 AM [32m    LOG[39m [38;5;3m[RouterExplorer] [39m[32mMapped {/api/orders/:id/deliver, POST} route[39m[38;5;3m +1ms[39m
[32m[Nest] 131201  - [39m01/23/2026, 2:14:42 AM [32m    LOG[39m [38;5;3m[RouterExplorer] [39m[32mMapped {/api/orders/:id/complete, POST} route[39m[38;5;3m +0ms[39m
[32m[Nest] 131201  - [39m01/23/2026, 2:14:42 AM [32m    LOG[39m [38;5;3m[RouterExplorer] [39m[32mMapped {/api/orders/:id/cancel, POST} route[39m[38;5;3m +1ms[39m
[32m[Nest] 131201  - [39m01/23/2026, 2:14:42 AM [32m    LOG[39m [38;5;3m[RoutesResolver] [39m[32mCheckoutController {/api/bookings}:[39m[38;5;3m +0ms[39m
[32m[Nest] 131201  - [39m01/23/2026, 2:14:42 AM [32m    LOG[39m [38;5;3m[RouterExplorer] [39m[32mMapped {/api/bookings/checkout, POST} route[39m[38;5;3m +1ms[39m
[32m[Nest] 131201  - [39m01/23/2026, 2:14:42 AM [32m    LOG[39m [38;5;3m[RouterExplorer] [39m[32mMapped {/api/bookings/checkout-paystack, POST} route[39m[38;5;3m +1ms[39m
[32m[Nest] 131201  - [39m01/23/2026, 2:14:42 AM [32m    LOG[39m [38;5;3m[RouterExplorer] [39m[32mMapped {/api/bookings/:id/final-payment, POST} route[39m[38;5;3m +0ms[39m
[32m[Nest] 131201  - [39m01/23/2026, 2:14:42 AM [32m    LOG[39m [38;5;3m[RouterExplorer] [39m[32mMapped {/api/bookings/:id/pay-commission, POST} route[39m[38;5;3m +1ms[39m
[32m[Nest] 131201  - [39m01/23/2026, 2:14:42 AM [32m    LOG[39m [38;5;3m[RouterExplorer] [39m[32mMapped {/api/bookings/verify-paystack, POST} route[39m[38;5;3m +1ms[39m
[32m[Nest] 131201  - [39m01/23/2026, 2:14:42 AM [32m    LOG[39m [38;5;3m[RoutesResolver] [39m[32mCategoryController {/api/categories}:[39m[38;5;3m +1ms[39m
[32m[Nest] 131201  - [39m01/23/2026, 2:14:42 AM [32m    LOG[39m [38;5;3m[RouterExplorer] [39m[32mMapped {/api/categories, GET} route[39m[38;5;3m +1ms[39m
[32m[Nest] 131201  - [39m01/23/2026, 2:14:42 AM [32m    LOG[39m [38;5;3m[RouterExplorer] [39m[32mMapped {/api/categories/tree, GET} route[39m[38;5;3m +0ms[39m
[32m[Nest] 131201  - [39m01/23/2026, 2:14:42 AM [32m    LOG[39m [38;5;3m[RouterExplorer] [39m[32mMapped {/api/categories/:id, GET} route[39m[38;5;3m +4ms[39m
[32m[Nest] 131201  - [39m01/23/2026, 2:14:42 AM [32m    LOG[39m [38;5;3m[RouterExplorer] [39m[32mMapped {/api/categories/slug/:slug, GET} route[39m[38;5;3m +2ms[39m
[32m[Nest] 131201  - [39m01/23/2026, 2:14:42 AM [32m    LOG[39m [38;5;3m[RouterExplorer] [39m[32mMapped {/api/categories, POST} route[39m[38;5;3m +3ms[39m
[32m[Nest] 131201  - [39m01/23/2026, 2:14:42 AM [32m    LOG[39m [38;5;3m[RouterExplorer] [39m[32mMapped {/api/categories/:id, PUT} route[39m[38;5;3m +1ms[39m
[32m[Nest] 131201  - [39m01/23/2026, 2:14:42 AM [32m    LOG[39m [38;5;3m[RouterExplorer] [39m[32mMapped {/api/categories/:id, DELETE} route[39m[38;5;3m +0ms[39m
[32m[Nest] 131201  - [39m01/23/2026, 2:14:42 AM [32m    LOG[39m [38;5;3m[RoutesResolver] [39m[32mServiceController {/api/services}:[39m[38;5;3m +0ms[39m
[32m[Nest] 131201  - [39m01/23/2026, 2:14:42 AM [32m    LOG[39m [38;5;3m[RouterExplorer] [39m[32mMapped {/api/services/search, GET} route[39m[38;5;3m +1ms[39m
[32m[Nest] 131201  - [39m01/23/2026, 2:14:42 AM [32m    LOG[39m [38;5;3m[RouterExplorer] [39m[32mMapped {/api/services/my-services, GET} route[39m[38;5;3m +3ms[39m
[32m[Nest] 131201  - [39m01/23/2026, 2:14:42 AM [32m    LOG[39m [38;5;3m[RouterExplorer] [39m[32mMapped {/api/services/:id, GET} route[39m[38;5;3m +1ms[39m
[32m[Nest] 131201  - [39m01/23/2026, 2:14:42 AM [32m    LOG[39m [38;5;3m[RouterExplorer] [39m[32mMapped {/api/services/slug/:slug, GET} route[39m[38;5;3m +1ms[39m
[32m[Nest] 131201  - [39m01/23/2026, 2:14:42 AM [32m    LOG[39m [38;5;3m[RouterExplorer] [39m[32mMapped {/api/services, POST} route[39m[38;5;3m +1ms[39m
[32m[Nest] 131201  - [39m01/23/2026, 2:14:42 AM [32m    LOG[39m [38;5;3m[RouterExplorer] [39m[32mMapped {/api/services/:id, PUT} route[39m[38;5;3m +0ms[39m
[32m[Nest] 131201  - [39m01/23/2026, 2:14:42 AM [32m    LOG[39m [38;5;3m[RouterExplorer] [39m[32mMapped {/api/services/:id/publish, POST} route[39m[38;5;3m +1ms[39m
[32m[Nest] 131201  - [39m01/23/2026, 2:14:42 AM [32m    LOG[39m [38;5;3m[RouterExplorer] [39m[32mMapped {/api/services/:id/pause, POST} route[39m[38;5;3m +1ms[39m
[32m[Nest] 131201  - [39m01/23/2026, 2:14:42 AM [32m    LOG[39m [38;5;3m[RouterExplorer] [39m[32mMapped {/api/services/:id, DELETE} route[39m[38;5;3m +0ms[39m
[32m[Nest] 131201  - [39m01/23/2026, 2:14:42 AM [32m    LOG[39m [38;5;3m[RouterExplorer] [39m[32mMapped {/api/services/:id/images, POST} route[39m[38;5;3m +1ms[39m
[32m[Nest] 131201  - [39m01/23/2026, 2:14:42 AM [32m    LOG[39m [38;5;3m[RouterExplorer] [39m[32mMapped {/api/services/images/:imageId, DELETE} route[39m[38;5;3m +1ms[39m
[32m[Nest] 131201  - [39m01/23/2026, 2:14:42 AM [32m    LOG[39m [38;5;3m[RoutesResolver] [39m[32mReviewController {/api/reviews}:[39m[38;5;3m +0ms[39m
[32m[Nest] 131201  - [39m01/23/2026, 2:14:42 AM [32m    LOG[39m [38;5;3m[RouterExplorer] [39m[32mMapped {/api/reviews/service/:serviceId, GET} route[39m[38;5;3m +1ms[39m
[32m[Nest] 131201  - [39m01/23/2026, 2:14:42 AM [32m    LOG[39m [38;5;3m[RouterExplorer] [39m[32mMapped {/api/reviews, POST} route[39m[38;5;3m +1ms[39m
[32m[Nest] 131201  - [39m01/23/2026, 2:14:42 AM [32m    LOG[39m [38;5;3m[RouterExplorer] [39m[32mMapped {/api/reviews/:id, PUT} route[39m[38;5;3m +1ms[39m
[32m[Nest] 131201  - [39m01/23/2026, 2:14:42 AM [32m    LOG[39m [38;5;3m[RouterExplorer] [39m[32mMapped {/api/reviews/:id, DELETE} route[39m[38;5;3m +0ms[39m
[32m[Nest] 131201  - [39m01/23/2026, 2:14:42 AM [32m    LOG[39m [38;5;3m[RouterExplorer] [39m[32mMapped {/api/reviews/:id/respond, POST} route[39m[38;5;3m +1ms[39m
[32m[Nest] 131201  - [39m01/23/2026, 2:14:42 AM [32m    LOG[39m [38;5;3m[RouterExplorer] [39m[32mMapped {/api/reviews/:id/helpful, POST} route[39m[38;5;3m +0ms[39m
[32m[Nest] 131201  - [39m01/23/2026, 2:14:42 AM [32m    LOG[39m [38;5;3m[RoutesResolver] [39m[32mDiscoveryController {/api}:[39m[38;5;3m +0ms[39m
[32m[Nest] 131201  - [39m01/23/2026, 2:14:42 AM [32m    LOG[39m [38;5;3m[RouterExplorer] [39m[32mMapped {/api/recommendations, GET} route[39m[38;5;3m +2ms[39m
[32m[Nest] 131201  - [39m01/23/2026, 2:14:42 AM [32m    LOG[39m [38;5;3m[RouterExplorer] [39m[32mMapped {/api/trending, GET} route[39m[38;5;3m +0ms[39m
[32m[Nest] 131201  - [39m01/23/2026, 2:14:42 AM [32m    LOG[39m [38;5;3m[RouterExplorer] [39m[32mMapped {/api/search, GET} route[39m[38;5;3m +1ms[39m
[32m[Nest] 131201  - [39m01/23/2026, 2:14:42 AM [32m    LOG[39m [38;5;3m[RoutesResolver] [39m[32mPostController {/api/posts}:[39m[38;5;3m +0ms[39m
[32m[Nest] 131201  - [39m01/23/2026, 2:14:42 AM [32m    LOG[39m [38;5;3m[RouterExplorer] [39m[32mMapped {/api/posts/feed, GET} route[39m[38;5;3m +1ms[39m
[32m[Nest] 131201  - [39m01/23/2026, 2:14:42 AM [32m    LOG[39m [38;5;3m[RouterExplorer] [39m[32mMapped {/api/posts/discover, GET} route[39m[38;5;3m +3ms[39m
[32m[Nest] 131201  - [39m01/23/2026, 2:14:42 AM [32m    LOG[39m [38;5;3m[RouterExplorer] [39m[32mMapped {/api/posts/user/:userId, GET} route[39m[38;5;3m +2ms[39m
[32m[Nest] 131201  - [39m01/23/2026, 2:14:42 AM [32m    LOG[39m [38;5;3m[RouterExplorer] [39m[32mMapped {/api/posts/:id, GET} route[39m[38;5;3m +1ms[39m
[32m[Nest] 131201  - [39m01/23/2026, 2:14:42 AM [32m    LOG[39m [38;5;3m[RouterExplorer] [39m[32mMapped {/api/posts, POST} route[39m[38;5;3m +1ms[39m
[32m[Nest] 131201  - [39m01/23/2026, 2:14:42 AM [32m    LOG[39m [38;5;3m[RouterExplorer] [39m[32mMapped {/api/posts/:id, PUT} route[39m[38;5;3m +1ms[39m
[32m[Nest] 131201  - [39m01/23/2026, 2:14:42 AM [32m    LOG[39m [38;5;3m[RouterExplorer] [39m[32mMapped {/api/posts/:id, DELETE} route[39m[38;5;3m +1ms[39m
[32m[Nest] 131201  - [39m01/23/2026, 2:14:42 AM [32m    LOG[39m [38;5;3m[RouterExplorer] [39m[32mMapped {/api/posts/:id/stats, GET} route[39m[38;5;3m +3ms[39m
[32m[Nest] 131201  - [39m01/23/2026, 2:14:42 AM [32m    LOG[39m [38;5;3m[RouterExplorer] [39m[32mMapped {/api/posts/hashtags/trending, GET} route[39m[38;5;3m +1ms[39m
[32m[Nest] 131201  - [39m01/23/2026, 2:14:42 AM [32m    LOG[39m [38;5;3m[RouterExplorer] [39m[32mMapped {/api/posts/hashtags/:tag, GET} route[39m[38;5;3m +2ms[39m
[32m[Nest] 131201  - [39m01/23/2026, 2:14:42 AM [32m    LOG[39m [38;5;3m[RouterExplorer] [39m[32mMapped {/api/posts/:postId/comments, GET} route[39m[38;5;3m +2ms[39m
[32m[Nest] 131201  - [39m01/23/2026, 2:14:42 AM [32m    LOG[39m [38;5;3m[RouterExplorer] [39m[32mMapped {/api/posts/:postId/comments, POST} route[39m[38;5;3m +1ms[39m
[32m[Nest] 131201  - [39m01/23/2026, 2:14:42 AM [32m    LOG[39m [38;5;3m[RouterExplorer] [39m[32mMapped {/api/posts/:postId/like, POST} route[39m[38;5;3m +1ms[39m
[32m[Nest] 131201  - [39m01/23/2026, 2:14:42 AM [32m    LOG[39m [38;5;3m[RouterExplorer] [39m[32mMapped {/api/posts/:postId/like, DELETE} route[39m[38;5;3m +1ms[39m
[32m[Nest] 131201  - [39m01/23/2026, 2:14:42 AM [32m    LOG[39m [38;5;3m[RouterExplorer] [39m[32mMapped {/api/posts/:postId/share, POST} route[39m[38;5;3m +0ms[39m
[32m[Nest] 131201  - [39m01/23/2026, 2:14:42 AM [32m    LOG[39m [38;5;3m[RouterExplorer] [39m[32mMapped {/api/posts/:postId/shares, GET} route[39m[38;5;3m +2ms[39m
[32m[Nest] 131201  - [39m01/23/2026, 2:14:42 AM [32m    LOG[39m [38;5;3m[RoutesResolver] [39m[32mCommentController {/api/comments}:[39m[38;5;3m +0ms[39m
[32m[Nest] 131201  - [39m01/23/2026, 2:14:42 AM [32m    LOG[39m [38;5;3m[RouterExplorer] [39m[32mMapped {/api/comments/:id, PUT} route[39m[38;5;3m +1ms[39m
[32m[Nest] 131201  - [39m01/23/2026, 2:14:42 AM [32m    LOG[39m [38;5;3m[RouterExplorer] [39m[32mMapped {/api/comments/:id, DELETE} route[39m[38;5;3m +2ms[39m
[32m[Nest] 131201  - [39m01/23/2026, 2:14:42 AM [32m    LOG[39m [38;5;3m[RouterExplorer] [39m[32mMapped {/api/comments/:id/reply, POST} route[39m[38;5;3m +1ms[39m
[32m[Nest] 131201  - [39m01/23/2026, 2:14:42 AM [32m    LOG[39m [38;5;3m[RouterExplorer] [39m[32mMapped {/api/comments/:id/replies, GET} route[39m[38;5;3m +1ms[39m
[32m[Nest] 131201  - [39m01/23/2026, 2:14:42 AM [32m    LOG[39m [38;5;3m[RouterExplorer] [39m[32mMapped {/api/comments/:commentId/like, POST} route[39m[38;5;3m +1ms[39m
[32m[Nest] 131201  - [39m01/23/2026, 2:14:42 AM [32m    LOG[39m [38;5;3m[RouterExplorer] [39m[32mMapped {/api/comments/:commentId/like, DELETE} route[39m[38;5;3m +1ms[39m
[32m[Nest] 131201  - [39m01/23/2026, 2:14:42 AM [32m    LOG[39m [38;5;3m[RoutesResolver] [39m[32mShareController {/api/shares}:[39m[38;5;3m +1ms[39m
[32m[Nest] 131201  - [39m01/23/2026, 2:14:42 AM [32m    LOG[39m [38;5;3m[RouterExplorer] [39m[32mMapped {/api/shares/:id, DELETE} route[39m[38;5;3m +0ms[39m
[32m[Nest] 131201  - [39m01/23/2026, 2:14:42 AM [32m    LOG[39m [38;5;3m[RoutesResolver] [39m[32mConversationController {/api/conversations}:[39m[38;5;3m +1ms[39m
[32m[Nest] 131201  - [39m01/23/2026, 2:14:42 AM [32m    LOG[39m [38;5;3m[RouterExplorer] [39m[32mMapped {/api/conversations, GET} route[39m[38;5;3m +1ms[39m
[32m[Nest] 131201  - [39m01/23/2026, 2:14:42 AM [32m    LOG[39m [38;5;3m[RouterExplorer] [39m[32mMapped {/api/conversations/:id, GET} route[39m[38;5;3m +1ms[39m
[32m[Nest] 131201  - [39m01/23/2026, 2:14:42 AM [32m    LOG[39m [38;5;3m[RouterExplorer] [39m[32mMapped {/api/conversations, POST} route[39m[38;5;3m +1ms[39m
[32m[Nest] 131201  - [39m01/23/2026, 2:14:42 AM [32m    LOG[39m [38;5;3m[RouterExplorer] [39m[32mMapped {/api/conversations/:id, PUT} route[39m[38;5;3m +1ms[39m
[32m[Nest] 131201  - [39m01/23/2026, 2:14:42 AM [32m    LOG[39m [38;5;3m[RouterExplorer] [39m[32mMapped {/api/conversations/:id, DELETE} route[39m[38;5;3m +0ms[39m
[32m[Nest] 131201  - [39m01/23/2026, 2:14:42 AM [32m    LOG[39m [38;5;3m[RouterExplorer] [39m[32mMapped {/api/conversations/:id/participants, POST} route[39m[38;5;3m +0ms[39m
[32m[Nest] 131201  - [39m01/23/2026, 2:14:42 AM [32m    LOG[39m [38;5;3m[RouterExplorer] [39m[32mMapped {/api/conversations/:id/messages, GET} route[39m[38;5;3m +2ms[39m
[32m[Nest] 131201  - [39m01/23/2026, 2:14:42 AM [32m    LOG[39m [38;5;3m[RouterExplorer] [39m[32mMapped {/api/conversations/:id/messages, POST} route[39m[38;5;3m +1ms[39m
[32m[Nest] 131201  - [39m01/23/2026, 2:14:42 AM [32m    LOG[39m [38;5;3m[RouterExplorer] [39m[32mMapped {/api/conversations/:id/read, POST} route[39m[38;5;3m +1ms[39m
[32m[Nest] 131201  - [39m01/23/2026, 2:14:42 AM [32m    LOG[39m [38;5;3m[RouterExplorer] [39m[32mMapped {/api/conversations/:id/read-all, POST} route[39m[38;5;3m +1ms[39m
[32m[Nest] 131201  - [39m01/23/2026, 2:14:42 AM [32m    LOG[39m [38;5;3m[RouterExplorer] [39m[32mMapped {/api/conversations/:id/unread-count, GET} route[39m[38;5;3m +7ms[39m
[32m[Nest] 131201  - [39m01/23/2026, 2:14:42 AM [32m    LOG[39m [38;5;3m[RoutesResolver] [39m[32mMessageController {/api/messages}:[39m[38;5;3m +1ms[39m
[32m[Nest] 131201  - [39m01/23/2026, 2:14:42 AM [32m    LOG[39m [38;5;3m[RouterExplorer] [39m[32mMapped {/api/messages/:id, PUT} route[39m[38;5;3m +1ms[39m
[32m[Nest] 131201  - [39m01/23/2026, 2:14:42 AM [32m    LOG[39m [38;5;3m[RouterExplorer] [39m[32mMapped {/api/messages/:id, DELETE} route[39m[38;5;3m +0ms[39m
[32m[Nest] 131201  - [39m01/23/2026, 2:14:42 AM [32m    LOG[39m [38;5;3m[RoutesResolver] [39m[32mPlanController {/api/plans}:[39m[38;5;3m +1ms[39m
[32m[Nest] 131201  - [39m01/23/2026, 2:14:42 AM [32m    LOG[39m [38;5;3m[RouterExplorer] [39m[32mMapped {/api/plans, GET} route[39m[38;5;3m +1ms[39m
[32m[Nest] 131201  - [39m01/23/2026, 2:14:42 AM [32m    LOG[39m [38;5;3m[RouterExplorer] [39m[32mMapped {/api/plans/:id, GET} route[39m[38;5;3m +1ms[39m
[32m[Nest] 131201  - [39m01/23/2026, 2:14:42 AM [32m    LOG[39m [38;5;3m[RouterExplorer] [39m[32mMapped {/api/plans, POST} route[39m[38;5;3m +0ms[39m
[32m[Nest] 131201  - [39m01/23/2026, 2:14:42 AM [32m    LOG[39m [38;5;3m[RouterExplorer] [39m[32mMapped {/api/plans/:id, PUT} route[39m[38;5;3m +1ms[39m
[32m[Nest] 131201  - [39m01/23/2026, 2:14:42 AM [32m    LOG[39m [38;5;3m[RouterExplorer] [39m[32mMapped {/api/plans/:id, DELETE} route[39m[38;5;3m +1ms[39m
[32m[Nest] 131201  - [39m01/23/2026, 2:14:42 AM [32m    LOG[39m [38;5;3m[RoutesResolver] [39m[32mSubscriptionController {/api/subscriptions}:[39m[38;5;3m +0ms[39m
[32m[Nest] 131201  - [39m01/23/2026, 2:14:42 AM [32m    LOG[39m [38;5;3m[RouterExplorer] [39m[32mMapped {/api/subscriptions/me, GET} route[39m[38;5;3m +1ms[39m
[32m[Nest] 131201  - [39m01/23/2026, 2:14:42 AM [32m    LOG[39m [38;5;3m[RouterExplorer] [39m[32mMapped {/api/subscriptions/:id, GET} route[39m[38;5;3m +1ms[39m
[32m[Nest] 131201  - [39m01/23/2026, 2:14:42 AM [32m    LOG[39m [38;5;3m[RouterExplorer] [39m[32mMapped {/api/subscriptions, POST} route[39m[38;5;3m +1ms[39m
[32m[Nest] 131201  - [39m01/23/2026, 2:14:42 AM [32m    LOG[39m [38;5;3m[RouterExplorer] [39m[32mMapped {/api/subscriptions/:id/cancel, POST} route[39m[38;5;3m +2ms[39m
[32m[Nest] 131201  - [39m01/23/2026, 2:14:42 AM [32m    LOG[39m [38;5;3m[RoutesResolver] [39m[32mAdController {/api/advertisements}:[39m[38;5;3m +0ms[39m
[32m[Nest] 131201  - [39m01/23/2026, 2:14:42 AM [32m    LOG[39m [38;5;3m[RouterExplorer] [39m[32mMapped {/api/advertisements, POST} route[39m[38;5;3m +1ms[39m
[32m[Nest] 131201  - [39m01/23/2026, 2:14:42 AM [32m    LOG[39m [38;5;3m[RouterExplorer] [39m[32mMapped {/api/advertisements, GET} route[39m[38;5;3m +1ms[39m
[32m[Nest] 131201  - [39m01/23/2026, 2:14:42 AM [32m    LOG[39m [38;5;3m[RouterExplorer] [39m[32mMapped {/api/advertisements/:id, GET} route[39m[38;5;3m +1ms[39m
[32m[Nest] 131201  - [39m01/23/2026, 2:14:42 AM [32m    LOG[39m [38;5;3m[RouterExplorer] [39m[32mMapped {/api/advertisements/:id, PUT} route[39m[38;5;3m +2ms[39m
[32m[Nest] 131201  - [39m01/23/2026, 2:14:42 AM [32m    LOG[39m [38;5;3m[RouterExplorer] [39m[32mMapped {/api/advertisements/:id, DELETE} route[39m[38;5;3m +1ms[39m
[32m[Nest] 131201  - [39m01/23/2026, 2:14:42 AM [32m    LOG[39m [38;5;3m[RouterExplorer] [39m[32mMapped {/api/advertisements/:id/like, POST} route[39m[38;5;3m +1ms[39m
[32m[Nest] 131201  - [39m01/23/2026, 2:14:42 AM [32m    LOG[39m [38;5;3m[RouterExplorer] [39m[32mMapped {/api/advertisements/:id/comments, GET} route[39m[38;5;3m +1ms[39m
[32m[Nest] 131201  - [39m01/23/2026, 2:14:42 AM [32m    LOG[39m [38;5;3m[RouterExplorer] [39m[32mMapped {/api/advertisements/:id/comments, POST} route[39m[38;5;3m +0ms[39m
[32m[Nest] 131201  - [39m01/23/2026, 2:14:42 AM [32m    LOG[39m [38;5;3m[RoutesResolver] [39m[32mAdPublicController {/api/public/ads}:[39m[38;5;3m +1ms[39m
[32m[Nest] 131201  - [39m01/23/2026, 2:14:42 AM [32m    LOG[39m [38;5;3m[RouterExplorer] [39m[32mMapped {/api/public/ads/serve, GET} route[39m[38;5;3m +1ms[39m
[32m[Nest] 131201  - [39m01/23/2026, 2:14:42 AM [32m    LOG[39m [38;5;3m[RouterExplorer] [39m[32mMapped {/api/public/ads/:id/impression, POST} route[39m[38;5;3m +1ms[39m
[32m[Nest] 131201  - [39m01/23/2026, 2:14:42 AM [32m    LOG[39m [38;5;3m[RouterExplorer] [39m[32mMapped {/api/public/ads/:id/click, POST} route[39m[38;5;3m +0ms[39m
[32m[Nest] 131201  - [39m01/23/2026, 2:14:42 AM [32m    LOG[39m [38;5;3m[RoutesResolver] [39m[32mAdminController {/api/moderation}:[39m[38;5;3m +1ms[39m
[32m[Nest] 131201  - [39m01/23/2026, 2:14:42 AM [32m    LOG[39m [38;5;3m[RouterExplorer] [39m[32mMapped {/api/moderation/dashboard/stats, GET} route[39m[38;5;3m +1ms[39m
[32m[Nest] 131201  - [39m01/23/2026, 2:14:42 AM [32m    LOG[39m [38;5;3m[RouterExplorer] [39m[32mMapped {/api/moderation/services/:id/:action, PUT} route[39m[38;5;3m +2ms[39m
[32m[Nest] 131201  - [39m01/23/2026, 2:14:42 AM [32m    LOG[39m [38;5;3m[RouterExplorer] [39m[32mMapped {/api/moderation/content/:type/:id, DELETE} route[39m[38;5;3m +2ms[39m
[32m[Nest] 131201  - [39m01/23/2026, 2:14:42 AM [32m    LOG[39m [38;5;3m[RoutesResolver] [39m[32mModerationController {/api/moderation}:[39m[38;5;3m +1ms[39m
[32m[Nest] 131201  - [39m01/23/2026, 2:14:42 AM [32m    LOG[39m [38;5;3m[RouterExplorer] [39m[32mMapped {/api/moderation/report, POST} route[39m[38;5;3m +1ms[39m
[32m[Nest] 131201  - [39m01/23/2026, 2:14:42 AM [32m    LOG[39m [38;5;3m[RouterExplorer] [39m[32mMapped {/api/moderation/reports, GET} route[39m[38;5;3m +2ms[39m
[32m[Nest] 131201  - [39m01/23/2026, 2:14:42 AM [32m    LOG[39m [38;5;3m[RouterExplorer] [39m[32mMapped {/api/moderation/reports/:id/resolve, PUT} route[39m[38;5;3m +1ms[39m
[32m[Nest] 131201  - [39m01/23/2026, 2:14:42 AM [32m    LOG[39m [38;5;3m[RoutesResolver] [39m[32mReportingController {/api/reporting}:[39m[38;5;3m +1ms[39m
[32m[Nest] 131201  - [39m01/23/2026, 2:14:42 AM [32m    LOG[39m [38;5;3m[RouterExplorer] [39m[32mMapped {/api/reporting/audit-logs, GET} route[39m[38;5;3m +1ms[39m
[32m[Nest] 131201  - [39m01/23/2026, 2:14:42 AM [32m    LOG[39m [38;5;3m[RouterExplorer] [39m[32mMapped {/api/reporting/analytics/user-growth, GET} route[39m[38;5;3m +2ms[39m
[32m[Nest] 131201  - [39m01/23/2026, 2:14:42 AM [32m    LOG[39m [38;5;3m[RouterExplorer] [39m[32mMapped {/api/reporting/analytics/revenue, GET} route[39m[38;5;3m +1ms[39m
[32m[Nest] 131201  - [39m01/23/2026, 2:14:42 AM [32m    LOG[39m [38;5;3m[RouterExplorer] [39m[32mMapped {/api/reporting/analytics/services, GET} route[39m[38;5;3m +2ms[39m
[32m[Nest] 131201  - [39m01/23/2026, 2:14:42 AM [32m    LOG[39m [38;5;3m[RouterExplorer] [39m[32mMapped {/api/reporting/export/csv, GET} route[39m[38;5;3m +2ms[39m
[32m[Nest] 131201  - [39m01/23/2026, 2:14:42 AM [32m    LOG[39m [38;5;3m[RoutesResolver] [39m[32mAnalyticsController {/api/analytics}:[39m[38;5;3m +0ms[39m
[32m[Nest] 131201  - [39m01/23/2026, 2:14:42 AM [32m    LOG[39m [38;5;3m[RouterExplorer] [39m[32mMapped {/api/analytics/performance, GET} route[39m[38;5;3m +2ms[39m
[32m[Nest] 131201  - [39m01/23/2026, 2:14:42 AM [32m    LOG[39m [38;5;3m[RouterExplorer] [39m[32mMapped {/api/analytics/client-spending, GET} route[39m[38;5;3m +1ms[39m
[32m[Nest] 131201  - [39m01/23/2026, 2:14:42 AM [32m    LOG[39m [38;5;3m[RouterExplorer] [39m[32mMapped {/api/analytics/provider-earnings, GET} route[39m[38;5;3m +2ms[39m
[32m[Nest] 131201  - [39m01/23/2026, 2:14:42 AM [32m    LOG[39m [38;5;3m[RoutesResolver] [39m[32mStorageController {/api/storage}:[39m[38;5;3m +0ms[39m
[32m[Nest] 131201  - [39m01/23/2026, 2:14:42 AM [32m    LOG[39m [38;5;3m[RouterExplorer] [39m[32mMapped {/api/storage/upload, POST} route[39m[38;5;3m +1ms[39m
[32m[Nest] 131201  - [39m01/23/2026, 2:14:42 AM [32m    LOG[39m [38;5;3m[RoutesResolver] [39m[32mPushController {/api/push}:[39m[38;5;3m +1ms[39m
[32m[Nest] 131201  - [39m01/23/2026, 2:14:42 AM [32m    LOG[39m [38;5;3m[RouterExplorer] [39m[32mMapped {/api/push/register, POST} route[39m[38;5;3m +2ms[39m
[32m[Nest] 131201  - [39m01/23/2026, 2:14:42 AM [32m    LOG[39m [38;5;3m[RouterExplorer] [39m[32mMapped {/api/push/unregister, DELETE} route[39m[38;5;3m +1ms[39m
[32m[Nest] 131201  - [39m01/23/2026, 2:14:42 AM [32m    LOG[39m [38;5;3m[RouterExplorer] [39m[32mMapped {/api/push/broadcast, POST} route[39m[38;5;3m +1ms[39m
[32m[Nest] 131201  - [39m01/23/2026, 2:14:42 AM [32m    LOG[39m [38;5;3m[RouterExplorer] [39m[32mMapped {/api/push/test, POST} route[39m[38;5;3m +1ms[39m
[32m[Nest] 131201  - [39m01/23/2026, 2:14:42 AM [32m    LOG[39m [38;5;3m[RoutesResolver] [39m[32mContractController {/api/contracts}:[39m[38;5;3m +0ms[39m
[32m[Nest] 131201  - [39m01/23/2026, 2:14:42 AM [32m    LOG[39m [38;5;3m[RouterExplorer] [39m[32mMapped {/api/contracts, POST} route[39m[38;5;3m +2ms[39m
[32m[Nest] 131201  - [39m01/23/2026, 2:14:42 AM [32m    LOG[39m [38;5;3m[RouterExplorer] [39m[32mMapped {/api/contracts, GET} route[39m[38;5;3m +1ms[39m
[32m[Nest] 131201  - [39m01/23/2026, 2:14:42 AM [32m    LOG[39m [38;5;3m[RouterExplorer] [39m[32mMapped {/api/contracts/:id, GET} route[39m[38;5;3m +1ms[39m
[32m[Nest] 131201  - [39m01/23/2026, 2:14:42 AM [32m    LOG[39m [38;5;3m[RouterExplorer] [39m[32mMapped {/api/contracts/:id, PUT} route[39m[38;5;3m +1ms[39m
[32m[Nest] 131201  - [39m01/23/2026, 2:14:42 AM [32m    LOG[39m [38;5;3m[RouterExplorer] [39m[32mMapped {/api/contracts/:id/milestones, POST} route[39m[38;5;3m +1ms[39m
[32m[Nest] 131201  - [39m01/23/2026, 2:14:42 AM [32m    LOG[39m [38;5;3m[RouterExplorer] [39m[32mMapped {/api/contracts/:id/milestones/:milestoneId, PUT} route[39m[38;5;3m +2ms[39m
[32m[Nest] 131201  - [39m01/23/2026, 2:14:42 AM [32m    LOG[39m [38;5;3m[RouterExplorer] [39m[32mMapped {/api/contracts/:id/files, POST} route[39m[38;5;3m +1ms[39m
[32m[Nest] 131201  - [39m01/23/2026, 2:14:42 AM [32m    LOG[39m [38;5;3m[RouterExplorer] [39m[32mMapped {/api/contracts/:id/activity, GET} route[39m[38;5;3m +4ms[39m
[32m[Nest] 131201  - [39m01/23/2026, 2:14:42 AM [32m    LOG[39m [38;5;3m[RoutesResolver] [39m[32mReviewController {/api/reviews}:[39m[38;5;3m +0ms[39m

/home/sifu/Documents/gripper/backend/node_modules/.pnpm/fastify@5.6.2/node_modules/fastify/lib/route.js:359
            throw new FST_ERR_DUPLICATED_ROUTE(opts.method, opts.url)
                  ^
FastifyError [Error]: Method 'POST' already declared for route '/api/reviews'
    at Object.addNewRoute (/home/sifu/Documents/gripper/backend/node_modules/.pnpm/fastify@5.6.2/node_modules/fastify/lib/route.js:359:19)
    at Object.route (/home/sifu/Documents/gripper/backend/node_modules/.pnpm/fastify@5.6.2/node_modules/fastify/lib/route.js:263:19)
    at Object._route [as route] (/home/sifu/Documents/gripper/backend/node_modules/.pnpm/fastify@5.6.2/node_modules/fastify/fastify.js:208:27)
    at FastifyAdapter.injectRouteOptions (/home/sifu/Documents/gripper/backend/node_modules/.pnpm/@nestjs+platform-fastify@11.1.11_@fastify+static@9.0.0_@nestjs+common@11.1.11_class-tra_d15df6b9eeb3f1bc4a8d41f27e366f12/node_modules/@nestjs/platform-fastify/adapters/fastify-adapter.js:502:30)
    at FastifyAdapter.post (/home/sifu/Documents/gripper/backend/node_modules/.pnpm/@nestjs+platform-fastify@11.1.11_@fastify+static@9.0.0_@nestjs+common@11.1.11_class-tra_d15df6b9eeb3f1bc4a8d41f27e366f12/node_modules/@nestjs/platform-fastify/adapters/fastify-adapter.js:169:21)
    at /home/sifu/Documents/gripper/backend/node_modules/.pnpm/@nestjs+core@11.1.11_@nestjs+common@11.1.11_class-transformer@0.5.1_class-validator@0.1_f21698ce7579297634c2f3d29d9e4f76/node_modules/@nestjs/core/router/router-explorer.js:117:21
    at Array.forEach (<anonymous>)
    at /home/sifu/Documents/gripper/backend/node_modules/.pnpm/@nestjs+core@11.1.11_@nestjs+common@11.1.11_class-transformer@0.5.1_class-validator@0.1_f21698ce7579297634c2f3d29d9e4f76/node_modules/@nestjs/core/router/router-explorer.js:90:29
    at Array.forEach (<anonymous>)
    at RouterExplorer.applyCallbackToRouter (/home/sifu/Documents/gripper/backend/node_modules/.pnpm/@nestjs+core@11.1.11_@nestjs+common@11.1.11_class-transformer@0.5.1_class-validator@0.1_f21698ce7579297634c2f3d29d9e4f76/node_modules/@nestjs/core/router/router-explorer.js:82:15) {
  code: 'FST_ERR_DUPLICATED_ROUTE',
  statusCode: 500
}

Node.js v22.11.0
 ELIFECYCLE  Command failed with exit code 1.
